terraform {
  required_version = ">=0.13"
  backend "consul" {
    scheme = "https"
    path   = "consul-nia/terraform"
  }
}

provider "null" {
  attr  = var.null.attr
  count = var.null.count
}

# user description for task named 'test'
module "test" {
  source   = "namespace/consul-nia/consul//modules/test"
  version  = "0.0.0"
  services = var.services
}

